....................                                                     [100%]
============================== warnings summary ===============================
tests/test_software_product.py: 40 warnings
  C:\Users\ome\AppData\Local\Programs\Python\Python313\Lib\site-packages\sqlalchemy\sql\schema.py:3624: DeprecationWarning: datetime.datetime.utcnow() is deprecated and scheduled for removal in a future version. Use timezone-aware objects to represent datetimes in UTC: datetime.datetime.now(datetime.UTC).
    return util.wrap_callable(lambda ctx: fn(), fn)  # type: ignore

tests/test_software_product.py::TestSoftwareProductService::test_update_product
  C:\Users\ome\Desktop\licence-key\services\software_product\service.py:137: DeprecationWarning: datetime.datetime.utcnow() is deprecated and scheduled for removal in a future version. Use timezone-aware objects to represent datetimes in UTC: datetime.datetime.now(datetime.UTC).
    update_data["updated_at"] = datetime.utcnow()

tests/test_software_product.py::TestSoftwareProductService::test_update_product
tests/test_software_product.py::TestSoftwareProductService::test_delete_product
  C:\Users\ome\Desktop\licence-key\database\repository\base.py:152: DeprecationWarning: datetime.datetime.utcnow() is deprecated and scheduled for removal in a future version. Use timezone-aware objects to represent datetimes in UTC: datetime.datetime.now(datetime.UTC).
    update_data["updated_at"] = datetime.utcnow()

-- Docs: https://docs.pytest.org/en/stable/how-to/capture-warnings.html
20 passed, 43 warnings in 3.67s
